--: line 1: xcodebuild: command not found
